Hi Davegmills70 from USA,

Noticed your business has strong potential, but most companies lose leads due to low-converting websites and lack of automation.

At https://inityo.in, we build scalable websites, apps, and AI automation systems designed to convert visitors into paying customers — especially for markets like the US, London, and Dubai.

✔ 20+ scalable websites & applications delivered
✔ AI-powered lead capture + follow-up automation
✔ 180+ real-world implementations (web, app, AI systems)

Recent insight: even a 10–20% conversion improvement can significantly increase revenue without increasing ad spend.

If you’re open, I can share 2–3 quick ideas tailored to your business or a short audit.

Reply “YES” and I’ll send it.

– Monu Kumar
https://inityo.in
https://www.instagram.com/hack_yhacker/